[0;94m		  402 Connect	phpMasterGeneric@192.168.1.1 on myDb
[0m[0;31m		  402 Query	SET NAMES UTF8, time_zone = "+0:00"
[0m[0;31m		  402 Query	SELECT * FROM customer WHERE idCustomer = 1
[0m[0;94m		  403 Connect	phpSlaveGeneric@192.168.1.2 on myDb
[0m[0;32m		  403 Query	SET NAMES UTF8, time_zone = "+0:00"
[0m[0;32m		  403 Query	SELECT * FROM customer
[0m[0;32m		  403 Query	SELECT email
[0m[0;32m                    FROM customer
[0m[0;32m                    WHERE idCustomer = 1
[0m